🚀 [SYNC] Iniciando sincronización de datos legacy (Python)...
📦 Procesando Deudores...
⏳ Sincronizando: Clara... ✅
⏳ Sincronizando: Beto... ✅
⏳ Sincronizando: Katty... ✅
⏳ Sincronizando: Cristofer terminacion... ✅
⏳ Sincronizando: Jorge Morales ... ✅
⏳ Sincronizando: Hugo Gómez ... ✅
⏳ Sincronizando: Carlos Hernández ... ✅
⏳ Sincronizando: Rosa  Gutierrez... ✅
⏳ Sincronizando: nicolas amestica... ✅
⏳ Sincronizando: samuel terminación... ✅
⏳ Sincronizando: Javi Navarro ... ✅
⏳ Sincronizando: Jaqueline Astudillo... ✅
⏳ Sincronizando: Myrian Barolo... ✅
⏳ Sincronizando: Jina Vargas... ✅
⏳ Sincronizando: Rene... ✅
⏳ Sincronizando: Claudia Hernandez... ✅
⏳ Sincronizando: Macarena... ✅
⏳ Sincronizando: Taba... ✅
⏳ Sincronizando: Carlos Burgos... ✅
⏳ Sincronizando: Aldo ... ✅
⏳ Sincronizando: Gabriel ... ✅
⏳ Sincronizando: Ulises... ✅
⏳ Sincronizando: Jairo ... ✅
⏳ Sincronizando: Tamara Ramirez ... ✅
⏳ Sincronizando: Renato Martinez ... ✅
⏳ Sincronizando: Luis cary ... ✅
⏳ Sincronizando: Marcelo... ✅
⏳ Sincronizando: Claudia Norambuena ... ✅
⏳ Sincronizando: Ester Muñoz ... ✅
⏳ Sincronizando: Viviana Mena... ✅
⏳ Sincronizando: Vivíana Piña... ✅
⏳ Sincronizando: Fransua... ✅
⏳ Sincronizando: Jaqueline Paredes... ✅
⏳ Sincronizando: Arturo ... ✅
⏳ Sincronizando: Marisol Lorca... ✅
⏳ Sincronizando: Hector informatica... ✅
⏳ Sincronizando: Claudia Duarte ... ✅
⏳ Sincronizando: Antonio mantencion... ✅
⏳ Sincronizando: Carolina Ñ... ✅
⏳ Sincronizando: Monica Torrealba ... ✅
⏳ Sincronizando: Felipe Mellado... ✅
⏳ Sincronizando: Lorena urra veston... ✅
⏳ Sincronizando: Janira Urra... ✅
⏳ Sincronizando: Francisca control... ✅
⏳ Sincronizando: Dalba... ✅
⏳ Sincronizando: Maria Montoya ... ✅
⏳ Sincronizando: Luis salas ... ✅
⏳ Sincronizando: Jaqueline Cisternas ... ✅
⏳ Sincronizando: Jessica silva ... ✅
⏳ Sincronizando: Alejandra Abu... ✅
⏳ Sincronizando: Gina Lagos ... ✅
⏳ Sincronizando: Elisabeth Ahumada... ✅
⏳ Sincronizando: Roberto ... ✅
⏳ Sincronizando: Paula Godoy ... ✅
⏳ Sincronizando: Yuri... ✅
⏳ Sincronizando: Rosa corte... ✅
⏳ Sincronizando: Diana ... ✅
⏳ Sincronizando: Carlos Gavilan... ✅
⏳ Sincronizando: Cony planificación ... ✅
⏳ Sincronizando: Andrea Gutiérrez ... ✅
⏳ Sincronizando: Lidise... ✅
⏳ Sincronizando: Jaque Vargas ... ✅
⏳ Sincronizando: Frida Acuña... ✅
⏳ Sincronizando: Jessica Moreno... ✅
⏳ Sincronizando: Valesca... ✅
⏳ Sincronizando: Ana Andrade ... ✅
⏳ Sincronizando: Carolina Perez... ✅
⏳ Sincronizando: Ana Leiva ... ✅
⏳ Sincronizando: Susana Segovia ... ✅
⏳ Sincronizando: Mauricio ... ✅
⏳ Sincronizando: Irma Diaz... ✅
⏳ Sincronizando: Patika... ✅
⏳ Sincronizando: Sandra calfin... ✅
⏳ Sincronizando: Danitza... ✅
⏳ Sincronizando: Macarena Ortiz... ✅
⏳ Sincronizando: Claudia Lizana... ✅
⏳ Sincronizando: Eduardo ... ✅
⏳ Sincronizando: Zoila... ✅
⏳ Sincronizando: Nancy Gallardo ... ✅
⏳ Sincronizando: Paulina of... ✅
⏳ Sincronizando: Ali... ✅
⏳ Sincronizando: Claudia Inostroza ... ✅
⏳ Sincronizando: Nelson Fuenzalida... ✅
⏳ Sincronizando: Anita Osorio ... ✅
⏳ Sincronizando: Marcela ... ✅
⏳ Sincronizando: Carlos Diaz... ✅
⏳ Sincronizando: Sra Eva ... ✅
⏳ Sincronizando: Ivan... ✅
⏳ Sincronizando: Mary charcape ... ✅
⏳ Sincronizando: Manuel Segura ... ✅
⏳ Sincronizando: Lucia ... ✅
⏳ Sincronizando: Eduvine... ✅
⏳ Sincronizando: Paulina Moya... ✅
⏳ Sincronizando: Nelson Reyes... ✅
⏳ Sincronizando: Albéniz punto m... ✅
⏳ Sincronizando: Gilda veston... ✅
⏳ Sincronizando: Claudia Chanqueo... ✅
⏳ Sincronizando: Isabel ... ✅
⏳ Sincronizando: Paula Ramirez consfetema... ✅
⏳ Sincronizando: Claudia Pilgrin ... ✅
⏳ Sincronizando: Gloria Ramirez ... ✅
⏳ Sincronizando: Francisco Meneses ... ✅
⏳ Sincronizando: Trini Montoya ... ✅
⏳ Sincronizando: Marisol veston... ✅
⏳ Sincronizando: Celso... ✅
⏳ Sincronizando: Juana Raldes... ✅
⏳ Sincronizando: Mirian Calfin... ✅
⏳ Sincronizando: Janett rojas... ✅
⏳ Sincronizando: Gabriela... ✅
⏳ Sincronizando: Kary... ✅
⏳ Sincronizando: Karen Opazo... ✅
⏳ Sincronizando: Marisol H... ✅
⏳ Sincronizando: Robin ... ✅
⏳ Sincronizando: Angelina... ✅
⏳ Sincronizando: Paola Pavez... ✅
⏳ Sincronizando: Mireya Pausil... ✅
⏳ Sincronizando: Alicia ... ✅
⏳ Sincronizando: Patricia Jeréz ... ✅
⏳ Sincronizando: Magaly... ✅
⏳ Sincronizando: Lorena Marguirot... ✅
⏳ Sincronizando: Janett  Marin... ✅
⏳ Sincronizando: Paola Tapia... ✅
⏳ Sincronizando: Luzmira ... ✅
⏳ Sincronizando: Loreto mora ... ✅
⏳ Sincronizando: Margarita Araya ... ✅
⏳ Sincronizando: Javiera de la barra ... ✅
⏳ Sincronizando: Lorena Duarte... ✅
⏳ Sincronizando: Vicky... ✅
⏳ Sincronizando: Mariela aseo ... ✅
⏳ Sincronizando: Esperanza... ✅
⏳ Sincronizando: Jaqueline Hernández ... ✅
⏳ Sincronizando: Yvonne ... ✅
⏳ Sincronizando: Anguie... ✅
⏳ Sincronizando: Flor... ✅
⏳ Sincronizando: Ely N... ✅
⏳ Sincronizando: Verónica Cardenas ... ✅
⏳ Sincronizando: Cecilia pantalón ... ✅
⏳ Sincronizando: 01 leo prueba... ✅
⏳ Sincronizando: Sujei... ✅
⏳ Sincronizando: Emma... ✅
⏳ Sincronizando: Catalina ... ✅
⏳ Sincronizando: Virginia ... ✅
⏳ Sincronizando: Leo pantalón ... ✅
⏳ Sincronizando: Don Jaime Armijo ... ✅
⏳ Sincronizando: Sara... ✅
⏳ Sincronizando: Johana Aranguiz ... ✅
⏳ Sincronizando: Juana Gutierrez terminacion... ✅
⏳ Sincronizando: Sra lisset ... ✅
⏳ Sincronizando: Betty... ✅
⏳ Sincronizando: Marianela chaleco ... ✅
⏳ Sincronizando: Katiusca... ✅
⏳ Sincronizando: Carla Contreras ... ✅
⏳ Sincronizando: Maria T... ✅
⏳ Sincronizando: Elias Vergara ... ✅
⏳ Sincronizando: Valeria tj... ✅
⏳ Sincronizando: Gina veston ... ✅
⏳ Sincronizando: Raul... ✅
⏳ Sincronizando: Cristian huerta ... ✅
⏳ Sincronizando: Teresa camisa... ✅

📦 Procesando Deudas...

✨ Sincronización finalizada.
📊 Deudores: 159
📊 Deudas (Upsert): 4927
