◇ injected env (3) from .env.local // tip: ⌘ enable debugging { debug: true }
🚀 [SYNC] Sincronización Robusta Inicializada...
🧹 Limpiando base de datos online...
🧹 Limpieza terminada.
📦 Encontrados 159 deudores y 4927 deudas.
⏳ Insertados 20...
⏳ Insertados 40...
⏳ Insertados 60...
⏳ Insertados 80...
⏳ Insertados 100...
⏳ Insertados 120...
⏳ Insertados 140...
✅ Deudores listos: 159
⏳ Deudas insertadas 50...
⏳ Deudas insertadas 100...
⏳ Deudas insertadas 150...
⏳ Deudas insertadas 200...
⏳ Deudas insertadas 250...
⏳ Deudas insertadas 300...
⏳ Deudas insertadas 350...
⏳ Deudas insertadas 400...
⏳ Deudas insertadas 450...
⏳ Deudas insertadas 500...
⏳ Deudas insertadas 550...
⏳ Deudas insertadas 600...
⏳ Deudas insertadas 650...
⏳ Deudas insertadas 700...
⏳ Deudas insertadas 750...
⏳ Deudas insertadas 800...
⏳ Deudas insertadas 850...
⏳ Deudas insertadas 900...
⏳ Deudas insertadas 950...
⏳ Deudas insertadas 1000...
⏳ Deudas insertadas 1050...
⏳ Deudas insertadas 1100...
⏳ Deudas insertadas 1150...
⏳ Deudas insertadas 1200...
⏳ Deudas insertadas 1250...
⏳ Deudas insertadas 1300...
⏳ Deudas insertadas 1350...
⏳ Deudas insertadas 1400...
⏳ Deudas insertadas 1450...
⏳ Deudas insertadas 1500...
⏳ Deudas insertadas 1550...
⏳ Deudas insertadas 1600...
⏳ Deudas insertadas 1650...
⏳ Deudas insertadas 1700...
⏳ Deudas insertadas 1750...
⏳ Deudas insertadas 1800...
⏳ Deudas insertadas 1850...
⏳ Deudas insertadas 1900...
⏳ Deudas insertadas 1950...
⏳ Deudas insertadas 2000...
⏳ Deudas insertadas 2050...
⏳ Deudas insertadas 2100...
⏳ Deudas insertadas 2150...
⏳ Deudas insertadas 2200...
⏳ Deudas insertadas 2250...
⏳ Deudas insertadas 2300...
⏳ Deudas insertadas 2350...
⏳ Deudas insertadas 2400...
⏳ Deudas insertadas 2450...
⏳ Deudas insertadas 2500...
⏳ Deudas insertadas 2550...
⏳ Deudas insertadas 2600...
⏳ Deudas insertadas 2650...
⏳ Deudas insertadas 2700...
⏳ Deudas insertadas 2750...
⏳ Deudas insertadas 2800...
⏳ Deudas insertadas 2850...
⏳ Deudas insertadas 2900...
⏳ Deudas insertadas 2950...
⏳ Deudas insertadas 3000...
⏳ Deudas insertadas 3050...
⏳ Deudas insertadas 3100...
⏳ Deudas insertadas 3150...
⏳ Deudas insertadas 3200...
⏳ Deudas insertadas 3250...
⏳ Deudas insertadas 3300...
⏳ Deudas insertadas 3350...
⏳ Deudas insertadas 3400...
⏳ Deudas insertadas 3450...
⏳ Deudas insertadas 3500...
⏳ Deudas insertadas 3550...
⏳ Deudas insertadas 3600...
⏳ Deudas insertadas 3650...
⏳ Deudas insertadas 3700...
⏳ Deudas insertadas 3750...
⏳ Deudas insertadas 3800...
⏳ Deudas insertadas 3850...
⏳ Deudas insertadas 3900...
⏳ Deudas insertadas 3950...
⏳ Deudas insertadas 4000...
⏳ Deudas insertadas 4050...
⏳ Deudas insertadas 4100...
⏳ Deudas insertadas 4150...
⏳ Deudas insertadas 4200...
⏳ Deudas insertadas 4250...
⏳ Deudas insertadas 4300...
⏳ Deudas insertadas 4350...
⏳ Deudas insertadas 4400...
⏳ Deudas insertadas 4450...
⏳ Deudas insertadas 4500...
⏳ Deudas insertadas 4550...
⏳ Deudas insertadas 4600...
⏳ Deudas insertadas 4650...
⏳ Deudas insertadas 4700...
⏳ Deudas insertadas 4750...
⏳ Deudas insertadas 4800...
⏳ Deudas insertadas 4850...
⏳ Deudas insertadas 4900...
✅ Deudas listas: 4927
✨ MIGRACION EXITOSA!
